Admin@DESKTOP-F61D0CK MINGW64 ~/Documents
$ git config --global user.name "Kim Britney Surigao"

Admin@DESKTOP-F61D0CK MINGW64 ~/Documents
$ git config --global user.email "surigaokimbritney_bsit@plmun.edu.ph"

Admin@DESKTOP-F61D0CK MINGW64 ~/Documents
$ ssh-keygen -t rsa -b 4096 -C "surigaokimbritney_bsit@plmun.edu.ph"
Generating public/private rsa key pair.
Enter file in which to save the key (/c/Users/Admin/.ssh/id_rsa):
Created directory '/c/Users/Admin/.ssh'.
Enter passphrase for "/c/Users/Admin/.ssh/id_rsa" (empty for no passphrase):
Enter same passphrase again:
Your identification has been saved in /c/Users/Admin/.ssh/id_rsa
Your public key has been saved in /c/Users/Admin/.ssh/id_rsa.pub
The key fingerprint is:
SHA256:Hp4kW7wC6PFv5bj59KJ/JU4agaiZMuAG331sBWzas10 surigaokimbritney_bsit@plmun.edu.ph
The key's randomart image is:
+---[RSA 4096]----+
|       .         |
|        +        |
|     . = .       |
|o  .. o.+ . E    |
|+.o=....S* .     |
|o+=o...BB++ .    |
|.o. . o**= o     |
|     .o++.o      |
|     .==oo.      |
+----[SHA256]-----+

Admin@DESKTOP-F61D0CK MINGW64 ~/Documents
$ clip < ~/.ssh/id_rsa.pub

Admin@DESKTOP-F61D0CK MINGW64 ~/Documents
$ ssh -T git@github.com
The authenticity of host 'github.com (20.205.243.166)' can't be established.
ED25519 key fingerprint is SHA256:+DiY3wvvV6TuJJhbpZisF/zLDA0zPMSvHdkr4UvCOqU.
This key is not known by any other names.
Are you sure you want to continue connecting (yes/no/[fingerprint])? yes
Warning: Permanently added 'github.com' (ED25519) to the list of known hosts.
Hi Keybi22! You've successfully authenticated, but GitHub does not provide shell access.

Admin@DESKTOP-F61D0CK MINGW64 ~/Documents
$ git clone https://github.com/PLMUN-CITCS/2025-advdbms-lab001-Keybi22.git
Cloning into '2025-advdbms-lab001-Keybi22'...
remote: Enumerating objects: 8, done.
remote: Counting objects: 100% (8/8), done.
remote: Compressing objects: 100% (6/6), done.
remote: Total 8 (delta 0), reused 6 (delta 0), pack-reused 0 (from 0)
Receiving objects: 100% (8/8), 4.61 KiB | 943.00 KiB/s, done.

Admin@DESKTOP-F61D0CK MINGW64 ~/Documents
$ cd https://github.com/PLMUN-CITCS/2025-advdbms-lab001-Keybi22.git
bash: cd: https://github.com/PLMUN-CITCS/2025-advdbms-lab001-Keybi22.git: No such file or directory

Admin@DESKTOP-F61D0CK MINGW64 ~/Documents
$ cd /c/Users/Admin/Documents/2025-advdbms-lab001-Keybi22

Admin@DESKTOP-F61D0CK MINGW64 ~/Documents/2025-advdbms-lab001-Keybi22 (main)
$ git status
On branch main
Your branch is up to date with 'origin/main'.

Untracked files:
  (use "git add <file>..." to include in what will be committed)
        .github/HelloWorld.java

nothing added to commit but untracked files present (use "git add" to track)

Admin@DESKTOP-F61D0CK MINGW64 ~/Documents/2025-advdbms-lab001-Keybi22 (main)
$ git add . HelloWorld.java
fatal: pathspec 'HelloWorld.java' did not match any files

Admin@DESKTOP-F61D0CK MINGW64 ~/Documents/2025-advdbms-lab001-Keybi22 (main)
$ git add . HelloWorld.java

Admin@DESKTOP-F61D0CK MINGW64 ~/Documents/2025-advdbms-lab001-Keybi22 (main)
$ git commit -m "My first java program"
[main 0034e39] My first java program
 2 files changed, 10 insertions(+)
 create mode 100644 .github/HelloWorld.java
 create mode 100644 HelloWorld.java

Admin@DESKTOP-F61D0CK MINGW64 ~/Documents/2025-advdbms-lab001-Keybi22 (main)
$ git push origin main
info: please complete authentication in your browser...
Enumerating objects: 6, done.
Counting objects: 100% (6/6), done.
Delta compression using up to 4 threads
Compressing objects: 100% (4/4), done.
Writing objects: 100% (4/4), 607 bytes | 202.00 KiB/s, done.
Total 4 (delta 0), reused 0 (delta 0), pack-reused 0 (from 0)
To https://github.com/PLMUN-CITCS/2025-advdbms-lab001-Keybi22.git
   ec35ea3..0034e39  main -> main
